  [diffusion] fold 1/44 CA01: 27.62° -> 4.09° (+85.2%)
  [diffusion] fold 2/44 CA02: 28.97° -> 5.07° (+82.5%)
  [diffusion] fold 3/44 CA03: 29.92° -> 5.38° (+82.0%)
  [diffusion] fold 4/44 CA04: 27.80° -> 5.72° (+79.4%)
  [diffusion] fold 5/44 CA05: 28.38° -> 4.46° (+84.3%)
  [diffusion] fold 6/44 CA06: 26.92° -> 4.58° (+83.0%)
  [diffusion] fold 7/44 CA07: 24.82° -> 4.29° (+82.7%)
  [diffusion] fold 8/44 CA08: 29.63° -> 4.19° (+85.9%)
  [diffusion] fold 9/44 CA09: 27.65° -> 3.86° (+86.0%)
  [diffusion] fold 10/44 CA10: 28.65° -> 4.41° (+84.6%)
  [diffusion] fold 11/44 CA11: 32.01° -> 6.64° (+79.3%)
  [diffusion] fold 12/44 CB01: 28.65° -> 4.21° (+85.3%)
  [diffusion] fold 13/44 CB02: 27.75° -> 3.44° (+87.6%)
  [diffusion] fold 14/44 CB03: 29.05° -> 3.84° (+86.8%)
  [diffusion] fold 15/44 CB05: 24.21° -> 5.58° (+76.9%)
  [diffusion] fold 16/44 CB06: 28.59° -> 4.27° (+85.1%)
  [diffusion] fold 17/44 CB07: 30.73° -> 5.14° (+83.3%)
  [diffusion] fold 18/44 CB08: 27.79° -> 3.31° (+88.1%)
  [diffusion] fold 19/44 CB09: 26.56° -> 4.47° (+83.2%)
  [diffusion] fold 20/44 CB10: 27.49° -> 3.36° (+87.8%)
  [diffusion] fold 21/44 CB11: 29.45° -> 3.93° (+86.7%)
  [diffusion] fold 22/44 CB12: 26.95° -> 4.50° (+83.3%)
  [diffusion] fold 23/44 CB13: 27.54° -> 3.34° (+87.9%)
  [diffusion] fold 24/44 CB14: 26.22° -> 3.63° (+86.2%)
  [diffusion] fold 25/44 CB15: 28.48° -> 3.80° (+86.6%)
  [diffusion] fold 26/44 CB16: 29.07° -> 3.88° (+86.7%)
  [diffusion] fold 27/44 CB17: 29.43° -> 4.05° (+86.2%)
  [diffusion] fold 28/44 CB18: 28.56° -> 4.81° (+83.1%)
  [diffusion] fold 29/44 CB19: 28.96° -> 4.31° (+85.1%)
  [diffusion] fold 30/44 CB20: 27.47° -> 4.03° (+85.3%)
  [diffusion] fold 31/44 CB22: 26.79° -> 4.78° (+82.2%)
  [diffusion] fold 32/44 CB23: 29.30° -> 4.15° (+85.8%)
  [diffusion] fold 33/44 CB24: 29.63° -> 3.70° (+87.5%)
  [diffusion] fold 34/44 CB25: 34.47° -> 12.17° (+64.7%)
  [diffusion] fold 35/44 CB26: 29.69° -> 4.54° (+84.7%)
  [diffusion] fold 36/44 CI01: 25.64° -> 4.77° (+81.4%)
  [diffusion] fold 37/44 CI02: 30.00° -> 3.91° (+87.0%)
  [diffusion] fold 38/44 CI03: 26.08° -> 3.59° (+86.2%)
  [diffusion] fold 39/44 CI04: 28.68° -> 4.14° (+85.6%)
  [diffusion] fold 40/44 CI05: 32.70° -> 6.43° (+80.3%)
  [diffusion] fold 41/44 CI06: 26.28° -> 4.61° (+82.4%)
  [diffusion] fold 42/44 CI07: 27.91° -> 3.52° (+87.4%)
  [diffusion] fold 43/44 CI08: 25.33° -> 4.25° (+83.2%)
  [diffusion] fold 44/44 CI09: 29.41° -> 5.41° (+81.6%)

[diffusion] subject-mean improvement: +84.00% | raw 28.35° -> corr 4.56°
Saved: /home/lee/projects/exe_est/experiments/paper/multiseed_out/diffusion/aihub_motionbert/seed42/persubject_diffusion.csv
