  [smoothnet] fold 1/44 CA01: 27.62° -> 10.42° (+62.3%)
  [smoothnet] fold 2/44 CA02: 28.97° -> 10.54° (+63.6%)
  [smoothnet] fold 3/44 CA03: 29.92° -> 13.72° (+54.1%)
  [smoothnet] fold 4/44 CA04: 27.82° -> 12.68° (+54.4%)
  [smoothnet] fold 5/44 CA05: 28.37° -> 12.15° (+57.2%)
  [smoothnet] fold 6/44 CA06: 26.93° -> 13.18° (+51.1%)
  [smoothnet] fold 7/44 CA07: 24.83° -> 11.56° (+53.4%)
  [smoothnet] fold 8/44 CA08: 29.63° -> 8.24° (+72.2%)
  [smoothnet] fold 9/44 CA09: 27.68° -> 9.67° (+65.0%)
  [smoothnet] fold 10/44 CA10: 28.65° -> 11.31° (+60.5%)
  [smoothnet] fold 11/44 CA11: 32.03° -> 26.74° (+16.5%)
  [smoothnet] fold 12/44 CB01: 28.66° -> 9.07° (+68.4%)
  [smoothnet] fold 13/44 CB02: 27.76° -> 11.44° (+58.8%)
  [smoothnet] fold 14/44 CB03: 29.04° -> 10.39° (+64.2%)
  [smoothnet] fold 15/44 CB05: 24.21° -> 8.87° (+63.3%)
  [smoothnet] fold 16/44 CB06: 28.60° -> 9.02° (+68.5%)
  [smoothnet] fold 17/44 CB07: 30.74° -> 10.19° (+66.8%)
  [smoothnet] fold 18/44 CB08: 27.79° -> 9.67° (+65.2%)
  [smoothnet] fold 19/44 CB09: 26.57° -> 7.72° (+71.0%)
  [smoothnet] fold 20/44 CB10: 27.53° -> 10.65° (+61.3%)
  [smoothnet] fold 21/44 CB11: 29.45° -> 9.44° (+67.9%)
  [smoothnet] fold 22/44 CB12: 26.96° -> 9.10° (+66.2%)
  [smoothnet] fold 23/44 CB13: 27.53° -> 11.01° (+60.0%)
  [smoothnet] fold 24/44 CB14: 26.24° -> 11.47° (+56.3%)
  [smoothnet] fold 25/44 CB15: 28.51° -> 11.53° (+59.5%)
  [smoothnet] fold 26/44 CB16: 29.10° -> 11.79° (+59.5%)
  [smoothnet] fold 27/44 CB17: 29.44° -> 9.21° (+68.7%)
  [smoothnet] fold 28/44 CB18: 28.56° -> 10.40° (+63.6%)
  [smoothnet] fold 29/44 CB19: 28.96° -> 9.55° (+67.0%)
  [smoothnet] fold 30/44 CB20: 27.47° -> 8.69° (+68.4%)
  [smoothnet] fold 31/44 CB22: 26.79° -> 9.13° (+65.9%)
  [smoothnet] fold 32/44 CB23: 29.32° -> 9.19° (+68.6%)
  [smoothnet] fold 33/44 CB24: 29.62° -> 11.12° (+62.5%)
  [smoothnet] fold 34/44 CB25: 34.47° -> 16.94° (+50.9%)
  [smoothnet] fold 35/44 CB26: 29.69° -> 8.29° (+72.1%)
  [smoothnet] fold 36/44 CI01: 25.66° -> 9.60° (+62.6%)
  [smoothnet] fold 37/44 CI02: 29.99° -> 10.33° (+65.6%)
  [smoothnet] fold 38/44 CI03: 26.13° -> 7.39° (+71.7%)
  [smoothnet] fold 39/44 CI04: 28.70° -> 9.97° (+65.2%)
  [smoothnet] fold 40/44 CI05: 32.73° -> 13.80° (+57.8%)
  [smoothnet] fold 41/44 CI06: 26.28° -> 14.64° (+44.3%)
  [smoothnet] fold 42/44 CI07: 27.91° -> 10.25° (+63.3%)
  [smoothnet] fold 43/44 CI08: 25.34° -> 8.81° (+65.3%)
  [smoothnet] fold 44/44 CI09: 29.43° -> 9.58° (+67.4%)

[smoothnet] LOSO MAE 28.35° -> 10.87° (+61.6%) | device=cuda
Saved: /home/lee/projects/exe_est/experiments/paper/multiseed_out/smoothnet/aihub_motionbert/seed42/persubject_smoothnet.csv
