  [diffusion] fold 1/44 CA01: 21.50° -> 4.20° (+80.5%)
  [diffusion] fold 2/44 CA02: 18.25° -> 4.96° (+72.8%)
  [diffusion] fold 3/44 CA03: 18.06° -> 5.60° (+69.0%)
  [diffusion] fold 4/44 CA04: 16.72° -> 5.09° (+69.6%)
  [diffusion] fold 5/44 CA05: 16.50° -> 4.86° (+70.5%)
  [diffusion] fold 6/44 CA06: 20.95° -> 4.42° (+78.9%)
  [diffusion] fold 7/44 CA07: 14.71° -> 3.95° (+73.1%)
  [diffusion] fold 8/44 CA08: 18.80° -> 4.10° (+78.2%)
  [diffusion] fold 9/44 CA09: 18.92° -> 3.49° (+81.5%)
  [diffusion] fold 10/44 CA10: 22.34° -> 6.37° (+71.5%)
  [diffusion] fold 11/44 CA11: 18.25° -> 7.33° (+59.8%)
  [diffusion] fold 12/44 CB01: 19.09° -> 4.74° (+75.2%)
  [diffusion] fold 13/44 CB02: 16.62° -> 4.46° (+73.1%)
  [diffusion] fold 14/44 CB03: 22.10° -> 4.93° (+77.7%)
  [diffusion] fold 15/44 CB05: 18.13° -> 5.61° (+69.0%)
  [diffusion] fold 16/44 CB06: 19.97° -> 4.77° (+76.1%)
  [diffusion] fold 17/44 CB07: 20.16° -> 5.46° (+72.9%)
  [diffusion] fold 18/44 CB08: 17.45° -> 4.11° (+76.4%)
  [diffusion] fold 19/44 CB09: 16.58° -> 4.81° (+71.0%)
  [diffusion] fold 20/44 CB10: 18.01° -> 3.64° (+79.8%)
  [diffusion] fold 21/44 CB11: 19.67° -> 4.72° (+76.0%)
  [diffusion] fold 22/44 CB12: 17.82° -> 4.80° (+73.0%)
  [diffusion] fold 23/44 CB13: 16.75° -> 4.40° (+73.7%)
  [diffusion] fold 24/44 CB14: 21.98° -> 4.48° (+79.6%)
  [diffusion] fold 25/44 CB15: 19.30° -> 6.58° (+65.9%)
  [diffusion] fold 26/44 CB16: 18.15° -> 5.10° (+71.9%)
  [diffusion] fold 27/44 CB17: 16.26° -> 4.64° (+71.5%)
  [diffusion] fold 28/44 CB18: 17.62° -> 4.51° (+74.4%)
  [diffusion] fold 29/44 CB19: 18.01° -> 3.82° (+78.8%)
  [diffusion] fold 30/44 CB20: 18.62° -> 4.11° (+78.0%)
  [diffusion] fold 31/44 CB22: 21.68° -> 4.41° (+79.6%)
  [diffusion] fold 32/44 CB23: 17.43° -> 3.69° (+78.8%)
  [diffusion] fold 33/44 CB24: 21.24° -> 5.22° (+75.4%)
  [diffusion] fold 34/44 CB25: 24.94° -> 12.52° (+49.8%)
  [diffusion] fold 35/44 CB26: 21.69° -> 4.95° (+77.2%)
  [diffusion] fold 36/44 CI01: 18.34° -> 4.91° (+73.2%)
  [diffusion] fold 37/44 CI02: 18.86° -> 4.43° (+76.5%)
  [diffusion] fold 38/44 CI03: 16.35° -> 4.11° (+74.8%)
  [diffusion] fold 39/44 CI04: 18.61° -> 4.53° (+75.6%)
  [diffusion] fold 40/44 CI05: 22.90° -> 6.60° (+71.2%)
  [diffusion] fold 41/44 CI06: 16.83° -> 5.54° (+67.1%)
  [diffusion] fold 42/44 CI07: 19.14° -> 4.00° (+79.1%)
  [diffusion] fold 43/44 CI08: 18.68° -> 4.02° (+78.5%)
  [diffusion] fold 44/44 CI09: 17.24° -> 5.00° (+71.0%)

[diffusion] subject-mean improvement: +73.80% | raw 18.89° -> corr 4.96°
Saved: /home/lee/projects/exe_est/experiments/paper/multiseed_out/diffusion/aihub_rtmw3d/seed42/persubject_diffusion.csv
