  [tcn] fold 1/44 CA01: 7.86° -> 5.09° (+35.2%)
  [tcn] fold 2/44 CA02: 12.67° -> 5.96° (+53.0%)
  [tcn] fold 3/44 CA03: 10.14° -> 6.47° (+36.2%)
  [tcn] fold 4/44 CA04: 7.68° -> 5.10° (+33.5%)
  [tcn] fold 5/44 CA05: 8.25° -> 6.33° (+23.3%)
  [tcn] fold 6/44 CA06: 8.09° -> 5.37° (+33.5%)
  [tcn] fold 7/44 CA07: 7.03° -> 4.33° (+38.4%)
  [tcn] fold 8/44 CA08: 8.89° -> 4.95° (+44.3%)
  [tcn] fold 9/44 CA09: 7.99° -> 4.48° (+44.0%)
  [tcn] fold 10/44 CA10: 7.98° -> 5.75° (+27.9%)
  [tcn] fold 11/44 CA11: 11.32° -> 6.47° (+42.9%)
  [tcn] fold 12/44 CB01: 8.41° -> 4.64° (+44.9%)
  [tcn] fold 13/44 CB02: 5.99° -> 4.58° (+23.4%)
  [tcn] fold 14/44 CB03: 9.03° -> 4.51° (+50.0%)
  [tcn] fold 15/44 CB05: 8.71° -> 4.93° (+43.4%)
  [tcn] fold 16/44 CB06: 7.02° -> 3.98° (+43.3%)
  [tcn] fold 17/44 CB07: 11.70° -> 6.26° (+46.5%)
  [tcn] fold 18/44 CB08: 8.87° -> 4.27° (+51.9%)
  [tcn] fold 19/44 CB09: 6.51° -> 4.22° (+35.1%)
  [tcn] fold 20/44 CB10: 6.45° -> 3.71° (+42.5%)
  [tcn] fold 21/44 CB11: 9.55° -> 5.72° (+40.1%)
  [tcn] fold 22/44 CB12: 8.56° -> 5.65° (+34.0%)
  [tcn] fold 23/44 CB13: 6.77° -> 4.25° (+37.2%)
  [tcn] fold 24/44 CB14: 9.26° -> 4.88° (+47.3%)
  [tcn] fold 25/44 CB15: 6.47° -> 3.77° (+41.7%)
  [tcn] fold 26/44 CB16: 10.76° -> 5.23° (+51.4%)
  [tcn] fold 27/44 CB17: 8.85° -> 4.26° (+51.9%)
  [tcn] fold 28/44 CB18: 10.13° -> 5.77° (+43.0%)
  [tcn] fold 29/44 CB19: 8.04° -> 3.90° (+51.6%)
  [tcn] fold 30/44 CB20: 8.01° -> 4.19° (+47.6%)
  [tcn] fold 31/44 CB22: 8.60° -> 4.31° (+50.0%)
  [tcn] fold 32/44 CB23: 10.71° -> 5.02° (+53.1%)
  [tcn] fold 33/44 CB24: 8.41° -> 4.02° (+52.3%)
  [tcn] fold 34/44 CB25: 16.07° -> 12.72° (+20.8%)
  [tcn] fold 35/44 CB26: 7.41° -> 5.57° (+24.8%)
  [tcn] fold 36/44 CI01: 8.00° -> 4.51° (+43.7%)
  [tcn] fold 37/44 CI02: 7.66° -> 4.64° (+39.3%)
  [tcn] fold 38/44 CI03: 6.94° -> 4.93° (+29.0%)
  [tcn] fold 39/44 CI04: 9.42° -> 5.33° (+43.5%)
  [tcn] fold 40/44 CI05: 15.84° -> 10.81° (+31.8%)
  [tcn] fold 41/44 CI06: 6.98° -> 4.39° (+37.1%)
  [tcn] fold 42/44 CI07: 5.75° -> 4.82° (+16.1%)
  [tcn] fold 43/44 CI08: 9.76° -> 4.71° (+51.7%)
  [tcn] fold 44/44 CI09: 8.06° -> 4.66° (+42.2%)

[tcn] LOSO MAE 8.79° -> 5.21° (+40.6%) | device=cuda
Saved: /home/lee/projects/exe_est/experiments/paper/multiseed_out/tcn/aihub_nlf/seed42/persubject_tcn.csv
