  [diffusion] fold 1/46 CA01: 13.18° -> 6.03° (+54.2%)
  [diffusion] fold 2/46 CA02: 14.32° -> 6.74° (+53.0%)
  [diffusion] fold 3/46 CA03: 16.23° -> 8.09° (+50.2%)
  [diffusion] fold 4/46 CA04: 12.08° -> 5.69° (+52.9%)
  [diffusion] fold 5/46 CA05: 14.11° -> 7.49° (+46.9%)
  [diffusion] fold 6/46 CA06: 13.92° -> 7.73° (+44.5%)
  [diffusion] fold 7/46 CA07: 12.51° -> 5.96° (+52.4%)
  [diffusion] fold 8/46 CA08: 12.74° -> 5.60° (+56.1%)
  [diffusion] fold 9/46 CA09: 14.11° -> 5.61° (+60.3%)
  [diffusion] fold 10/46 CA10: 15.14° -> 6.70° (+55.8%)
  [diffusion] fold 11/46 CA11: 15.87° -> 8.90° (+43.9%)
  [diffusion] fold 12/46 CB01: 11.69° -> 6.11° (+47.7%)
  [diffusion] fold 13/46 CB02: 14.59° -> 6.57° (+55.0%)
  [diffusion] fold 14/46 CB03: 15.78° -> 7.35° (+53.5%)
  [diffusion] fold 15/46 CB04: 13.36° -> 5.74° (+57.0%)
  [diffusion] fold 16/46 CB05: 14.56° -> 8.27° (+43.2%)
  [diffusion] fold 17/46 CB06: 11.98° -> 6.44° (+46.2%)
  [diffusion] fold 18/46 CB07: 16.14° -> 7.70° (+52.3%)
  [diffusion] fold 19/46 CB08: 12.90° -> 5.22° (+59.6%)
  [diffusion] fold 20/46 CB09: 11.39° -> 5.00° (+56.1%)
  [diffusion] fold 21/46 CB10: 14.38° -> 7.04° (+51.0%)
  [diffusion] fold 22/46 CB11: 13.77° -> 6.12° (+55.5%)
  [diffusion] fold 23/46 CB12: 14.57° -> 6.35° (+56.4%)
  [diffusion] fold 24/46 CB13: 14.29° -> 7.27° (+49.1%)
  [diffusion] fold 25/46 CB14: 13.77° -> 6.04° (+56.1%)
  [diffusion] fold 26/46 CB15: 15.77° -> 7.29° (+53.8%)
  [diffusion] fold 27/46 CB16: 14.50° -> 6.87° (+52.6%)
  [diffusion] fold 28/46 CB17: 13.67° -> 7.02° (+48.7%)
  [diffusion] fold 29/46 CB18: 15.19° -> 6.82° (+55.1%)
  [diffusion] fold 30/46 CB19: 13.63° -> 6.21° (+54.5%)
  [diffusion] fold 31/46 CB20: 14.26° -> 7.46° (+47.7%)
  [diffusion] fold 32/46 CB21: 22.24° -> 10.85° (+51.2%)
  [diffusion] fold 33/46 CB22: 13.59° -> 6.80° (+50.0%)
  [diffusion] fold 34/46 CB23: 13.65° -> 5.44° (+60.1%)
  [diffusion] fold 35/46 CB24: 14.75° -> 7.10° (+51.8%)
  [diffusion] fold 36/46 CB25: 15.26° -> 7.92° (+48.1%)
  [diffusion] fold 37/46 CB26: 14.10° -> 6.38° (+54.8%)
  [diffusion] fold 38/46 CI01: 13.86° -> 6.80° (+50.9%)
  [diffusion] fold 39/46 CI02: 13.75° -> 5.64° (+59.0%)
  [diffusion] fold 40/46 CI03: 12.87° -> 5.89° (+54.2%)
  [diffusion] fold 41/46 CI04: 13.64° -> 5.79° (+57.6%)
  [diffusion] fold 42/46 CI05: 16.06° -> 7.24° (+54.9%)
  [diffusion] fold 43/46 CI06: 13.64° -> 5.95° (+56.4%)
  [diffusion] fold 44/46 CI07: 18.32° -> 8.70° (+52.5%)
  [diffusion] fold 45/46 CI08: 14.31° -> 5.92° (+58.7%)
  [diffusion] fold 46/46 CI09: 13.62° -> 7.46° (+45.2%)

[diffusion] subject-mean improvement: +52.75% | raw 14.31° -> corr 6.77°
Saved: /home/lee/projects/exe_est/experiments/paper/multiseed_out/diffusion/aihub_offstd/seed42/persubject_diffusion.csv
