  [tcn] fold 1/44 CA01: 21.50° -> 10.10° (+53.0%)
  [tcn] fold 2/44 CA02: 18.24° -> 8.83° (+51.6%)
  [tcn] fold 3/44 CA03: 18.07° -> 10.82° (+40.1%)
  [tcn] fold 4/44 CA04: 16.72° -> 8.82° (+47.3%)
  [tcn] fold 5/44 CA05: 16.50° -> 7.78° (+52.8%)
  [tcn] fold 6/44 CA06: 20.95° -> 9.31° (+55.5%)
  [tcn] fold 7/44 CA07: 14.70° -> 8.60° (+41.5%)
  [tcn] fold 8/44 CA08: 18.79° -> 9.71° (+48.3%)
  [tcn] fold 9/44 CA09: 18.93° -> 7.77° (+59.0%)
  [tcn] fold 10/44 CA10: 22.34° -> 10.86° (+51.4%)
  [tcn] fold 11/44 CA11: 18.23° -> 12.70° (+30.4%)
  [tcn] fold 12/44 CB01: 19.07° -> 10.57° (+44.6%)
  [tcn] fold 13/44 CB02: 16.61° -> 8.97° (+46.0%)
  [tcn] fold 14/44 CB03: 22.09° -> 9.93° (+55.0%)
  [tcn] fold 15/44 CB05: 18.14° -> 8.35° (+54.0%)
  [tcn] fold 16/44 CB06: 19.96° -> 10.87° (+45.6%)
  [tcn] fold 17/44 CB07: 20.16° -> 10.13° (+49.7%)
  [tcn] fold 18/44 CB08: 17.48° -> 10.27° (+41.2%)
  [tcn] fold 19/44 CB09: 16.60° -> 8.86° (+46.6%)
  [tcn] fold 20/44 CB10: 17.97° -> 8.91° (+50.4%)
  [tcn] fold 21/44 CB11: 19.67° -> 10.14° (+48.4%)
  [tcn] fold 22/44 CB12: 17.82° -> 9.62° (+46.0%)
  [tcn] fold 23/44 CB13: 16.74° -> 8.40° (+49.8%)
  [tcn] fold 24/44 CB14: 21.98° -> 9.71° (+55.8%)
  [tcn] fold 25/44 CB15: 19.23° -> 8.58° (+55.4%)
  [tcn] fold 26/44 CB16: 18.13° -> 11.93° (+34.2%)
  [tcn] fold 27/44 CB17: 16.27° -> 8.98° (+44.8%)
  [tcn] fold 28/44 CB18: 17.61° -> 9.30° (+47.2%)
  [tcn] fold 29/44 CB19: 18.02° -> 8.09° (+55.1%)
  [tcn] fold 30/44 CB20: 18.61° -> 8.21° (+55.9%)
  [tcn] fold 31/44 CB22: 21.67° -> 10.57° (+51.2%)
  [tcn] fold 32/44 CB23: 17.43° -> 9.68° (+44.4%)
  [tcn] fold 33/44 CB24: 21.23° -> 10.13° (+52.3%)
  [tcn] fold 34/44 CB25: 24.93° -> 18.01° (+27.7%)
  [tcn] fold 35/44 CB26: 21.71° -> 11.14° (+48.7%)
  [tcn] fold 36/44 CI01: 18.36° -> 9.29° (+49.4%)
  [tcn] fold 37/44 CI02: 18.84° -> 9.22° (+51.0%)
  [tcn] fold 38/44 CI03: 16.40° -> 8.63° (+47.4%)
  [tcn] fold 39/44 CI04: 18.62° -> 10.50° (+43.6%)
  [tcn] fold 40/44 CI05: 22.93° -> 14.04° (+38.8%)
  [tcn] fold 41/44 CI06: 16.83° -> 11.46° (+31.9%)
  [tcn] fold 42/44 CI07: 19.15° -> 8.94° (+53.3%)
  [tcn] fold 43/44 CI08: 18.63° -> 8.63° (+53.7%)
  [tcn] fold 44/44 CI09: 17.22° -> 10.33° (+40.0%)

[tcn] LOSO MAE 18.89° -> 9.90° (+47.6%) | device=cuda
Saved: /home/lee/projects/exe_est/experiments/paper/multiseed_out/tcn/aihub_rtmw3d/seed42/persubject_tcn.csv
