  [smoothnet] fold 1/44 CA01: 7.86° -> 4.73° (+39.8%)
  [smoothnet] fold 2/44 CA02: 12.67° -> 5.42° (+57.2%)
  [smoothnet] fold 3/44 CA03: 10.14° -> 6.23° (+38.6%)
  [smoothnet] fold 4/44 CA04: 7.68° -> 5.10° (+33.6%)
  [smoothnet] fold 5/44 CA05: 8.25° -> 5.98° (+27.5%)
  [smoothnet] fold 6/44 CA06: 8.09° -> 5.13° (+36.6%)
  [smoothnet] fold 7/44 CA07: 7.03° -> 4.28° (+39.2%)
  [smoothnet] fold 8/44 CA08: 8.89° -> 4.60° (+48.2%)
  [smoothnet] fold 9/44 CA09: 7.99° -> 4.41° (+44.8%)
  [smoothnet] fold 10/44 CA10: 7.98° -> 5.81° (+27.2%)
  [smoothnet] fold 11/44 CA11: 11.32° -> 6.57° (+42.0%)
  [smoothnet] fold 12/44 CB01: 8.41° -> 4.42° (+47.5%)
  [smoothnet] fold 13/44 CB02: 5.99° -> 4.56° (+23.9%)
  [smoothnet] fold 14/44 CB03: 9.03° -> 4.28° (+52.6%)
  [smoothnet] fold 15/44 CB05: 8.71° -> 4.78° (+45.1%)
  [smoothnet] fold 16/44 CB06: 7.02° -> 4.24° (+39.7%)
  [smoothnet] fold 17/44 CB07: 11.70° -> 5.62° (+52.0%)
  [smoothnet] fold 18/44 CB08: 8.87° -> 3.83° (+56.8%)
  [smoothnet] fold 19/44 CB09: 6.51° -> 4.18° (+35.8%)
  [smoothnet] fold 20/44 CB10: 6.45° -> 3.90° (+39.5%)
  [smoothnet] fold 21/44 CB11: 9.55° -> 5.21° (+45.5%)
  [smoothnet] fold 22/44 CB12: 8.56° -> 5.31° (+37.9%)
  [smoothnet] fold 23/44 CB13: 6.77° -> 4.27° (+36.9%)
  [smoothnet] fold 24/44 CB14: 9.26° -> 4.28° (+53.8%)
  [smoothnet] fold 25/44 CB15: 6.47° -> 4.16° (+35.7%)
  [smoothnet] fold 26/44 CB16: 10.76° -> 5.08° (+52.7%)
  [smoothnet] fold 27/44 CB17: 8.85° -> 4.46° (+49.6%)
  [smoothnet] fold 28/44 CB18: 10.13° -> 5.55° (+45.2%)
  [smoothnet] fold 29/44 CB19: 8.04° -> 3.76° (+53.2%)
  [smoothnet] fold 30/44 CB20: 8.01° -> 3.80° (+52.6%)
  [smoothnet] fold 31/44 CB22: 8.60° -> 3.90° (+54.6%)
  [smoothnet] fold 32/44 CB23: 10.71° -> 4.54° (+57.6%)
  [smoothnet] fold 33/44 CB24: 8.41° -> 4.09° (+51.4%)
  [smoothnet] fold 34/44 CB25: 16.07° -> 12.45° (+22.5%)
  [smoothnet] fold 35/44 CB26: 7.41° -> 5.26° (+28.9%)
  [smoothnet] fold 36/44 CI01: 8.00° -> 4.52° (+43.5%)
  [smoothnet] fold 37/44 CI02: 7.66° -> 4.44° (+42.0%)
  [smoothnet] fold 38/44 CI03: 6.94° -> 5.31° (+23.5%)
  [smoothnet] fold 39/44 CI04: 9.42° -> 5.22° (+44.6%)
  [smoothnet] fold 40/44 CI05: 15.84° -> 11.29° (+28.7%)
  [smoothnet] fold 41/44 CI06: 6.98° -> 4.34° (+37.8%)
  [smoothnet] fold 42/44 CI07: 5.75° -> 4.78° (+16.9%)
  [smoothnet] fold 43/44 CI08: 9.76° -> 4.57° (+53.2%)
  [smoothnet] fold 44/44 CI09: 8.06° -> 4.62° (+42.7%)

[smoothnet] LOSO MAE 8.79° -> 5.07° (+42.2%) | device=cuda
Saved: /home/lee/projects/exe_est/experiments/paper/multiseed_out/smoothnet/aihub_nlf/seed42/persubject_smoothnet.csv
