  [smoothnet] fold 1/44 CA01: 21.50° -> 9.64° (+55.1%)
  [smoothnet] fold 2/44 CA02: 18.24° -> 8.50° (+53.4%)
  [smoothnet] fold 3/44 CA03: 18.07° -> 10.82° (+40.1%)
  [smoothnet] fold 4/44 CA04: 16.72° -> 9.09° (+45.6%)
  [smoothnet] fold 5/44 CA05: 16.50° -> 7.39° (+55.2%)
  [smoothnet] fold 6/44 CA06: 20.95° -> 10.07° (+51.9%)
  [smoothnet] fold 7/44 CA07: 14.70° -> 8.59° (+41.6%)
  [smoothnet] fold 8/44 CA08: 18.79° -> 9.10° (+51.6%)
  [smoothnet] fold 9/44 CA09: 18.93° -> 7.50° (+60.4%)
  [smoothnet] fold 10/44 CA10: 22.34° -> 10.53° (+52.9%)
  [smoothnet] fold 11/44 CA11: 18.23° -> 11.61° (+36.3%)
  [smoothnet] fold 12/44 CB01: 19.07° -> 9.62° (+49.5%)
  [smoothnet] fold 13/44 CB02: 16.61° -> 9.37° (+43.6%)
  [smoothnet] fold 14/44 CB03: 22.09° -> 9.63° (+56.4%)
  [smoothnet] fold 15/44 CB05: 18.14° -> 8.77° (+51.6%)
  [smoothnet] fold 16/44 CB06: 19.96° -> 11.07° (+44.5%)
  [smoothnet] fold 17/44 CB07: 20.16° -> 10.37° (+48.5%)
  [smoothnet] fold 18/44 CB08: 17.48° -> 9.52° (+45.6%)
  [smoothnet] fold 19/44 CB09: 16.60° -> 8.80° (+47.0%)
  [smoothnet] fold 20/44 CB10: 17.97° -> 8.38° (+53.4%)
  [smoothnet] fold 21/44 CB11: 19.67° -> 10.19° (+48.2%)
  [smoothnet] fold 22/44 CB12: 17.82° -> 9.21° (+48.3%)
  [smoothnet] fold 23/44 CB13: 16.74° -> 8.11° (+51.5%)
  [smoothnet] fold 24/44 CB14: 21.98° -> 9.60° (+56.3%)
  [smoothnet] fold 25/44 CB15: 19.23° -> 8.66° (+55.0%)
  [smoothnet] fold 26/44 CB16: 18.13° -> 11.72° (+35.4%)
  [smoothnet] fold 27/44 CB17: 16.27° -> 8.95° (+45.0%)
  [smoothnet] fold 28/44 CB18: 17.61° -> 9.44° (+46.4%)
  [smoothnet] fold 29/44 CB19: 18.02° -> 8.24° (+54.2%)
  [smoothnet] fold 30/44 CB20: 18.61° -> 8.83° (+52.5%)
  [smoothnet] fold 31/44 CB22: 21.67° -> 10.29° (+52.5%)
  [smoothnet] fold 32/44 CB23: 17.43° -> 9.90° (+43.2%)
  [smoothnet] fold 33/44 CB24: 21.23° -> 10.08° (+52.5%)
  [smoothnet] fold 34/44 CB25: 24.93° -> 18.55° (+25.6%)
  [smoothnet] fold 35/44 CB26: 21.71° -> 11.16° (+48.6%)
  [smoothnet] fold 36/44 CI01: 18.36° -> 8.98° (+51.1%)
  [smoothnet] fold 37/44 CI02: 18.84° -> 9.34° (+50.4%)
  [smoothnet] fold 38/44 CI03: 16.40° -> 8.70° (+46.9%)
  [smoothnet] fold 39/44 CI04: 18.62° -> 10.22° (+45.1%)
  [smoothnet] fold 40/44 CI05: 22.93° -> 14.83° (+35.3%)
  [smoothnet] fold 41/44 CI06: 16.83° -> 10.74° (+36.2%)
  [smoothnet] fold 42/44 CI07: 19.15° -> 9.21° (+51.9%)
  [smoothnet] fold 43/44 CI08: 18.63° -> 8.77° (+52.9%)
  [smoothnet] fold 44/44 CI09: 17.22° -> 9.81° (+43.0%)

[smoothnet] LOSO MAE 18.89° -> 9.82° (+48.0%) | device=cuda
Saved: /home/lee/projects/exe_est/experiments/paper/multiseed_out/smoothnet/aihub_rtmw3d/seed42/persubject_smoothnet.csv
