  [tcn] fold 1/46 CA01: 13.15° -> 10.90° (+17.1%)
  [tcn] fold 2/46 CA02: 14.32° -> 11.99° (+16.3%)
  [tcn] fold 3/46 CA03: 16.22° -> 15.31° (+5.6%)
  [tcn] fold 4/46 CA04: 12.06° -> 10.01° (+17.0%)
  [tcn] fold 5/46 CA05: 14.09° -> 12.83° (+8.9%)
  [tcn] fold 6/46 CA06: 13.89° -> 13.24° (+4.7%)
  [tcn] fold 7/46 CA07: 12.51° -> 10.55° (+15.7%)
  [tcn] fold 8/46 CA08: 12.72° -> 12.18° (+4.2%)
  [tcn] fold 9/46 CA09: 14.10° -> 12.91° (+8.4%)
  [tcn] fold 10/46 CA10: 15.15° -> 14.09° (+7.0%)
  [tcn] fold 11/46 CA11: 15.86° -> 14.78° (+6.8%)
  [tcn] fold 12/46 CB01: 11.69° -> 10.97° (+6.2%)
  [tcn] fold 13/46 CB02: 14.63° -> 13.50° (+7.7%)
  [tcn] fold 14/46 CB03: 15.80° -> 14.89° (+5.7%)
  [tcn] fold 15/46 CB04: 13.33° -> 11.08° (+16.9%)
  [tcn] fold 16/46 CB05: 14.62° -> 14.33° (+2.0%)
  [tcn] fold 17/46 CB06: 11.96° -> 11.32° (+5.4%)
  [tcn] fold 18/46 CB07: 16.13° -> 15.62° (+3.2%)
  [tcn] fold 19/46 CB08: 12.88° -> 12.43° (+3.5%)
  [tcn] fold 20/46 CB09: 11.37° -> 10.73° (+5.6%)
  [tcn] fold 21/46 CB10: 14.35° -> 11.43° (+20.3%)
  [tcn] fold 22/46 CB11: 13.74° -> 12.86° (+6.5%)
  [tcn] fold 23/46 CB12: 14.56° -> 13.68° (+6.0%)
  [tcn] fold 24/46 CB13: 14.31° -> 13.06° (+8.7%)
  [tcn] fold 25/46 CB14: 13.74° -> 12.91° (+6.1%)
  [tcn] fold 26/46 CB15: 15.76° -> 15.34° (+2.7%)
  [tcn] fold 27/46 CB16: 14.49° -> 13.48° (+6.9%)
  [tcn] fold 28/46 CB17: 13.67° -> 13.32° (+2.5%)
  [tcn] fold 29/46 CB18: 15.16° -> 13.77° (+9.2%)
  [tcn] fold 30/46 CB19: 13.68° -> 10.91° (+20.2%)
  [tcn] fold 31/46 CB20: 14.33° -> 14.28° (+0.4%)
  [tcn] fold 32/46 CB21: 22.29° -> 21.45° (+3.8%)
  [tcn] fold 33/46 CB22: 13.56° -> 12.95° (+4.5%)
  [tcn] fold 34/46 CB23: 13.64° -> 12.83° (+5.9%)
  [tcn] fold 35/46 CB24: 14.74° -> 14.07° (+4.5%)
  [tcn] fold 36/46 CB25: 15.24° -> 14.45° (+5.2%)
  [tcn] fold 37/46 CB26: 14.09° -> 13.67° (+3.0%)
  [tcn] fold 38/46 CI01: 13.85° -> 12.95° (+6.5%)
  [tcn] fold 39/46 CI02: 13.73° -> 13.88° (-1.1%)
  [tcn] fold 40/46 CI03: 12.85° -> 12.12° (+5.7%)
  [tcn] fold 41/46 CI04: 13.62° -> 12.97° (+4.7%)
  [tcn] fold 42/46 CI05: 16.03° -> 15.55° (+3.0%)
  [tcn] fold 43/46 CI06: 13.62° -> 12.77° (+6.3%)
  [tcn] fold 44/46 CI07: 18.31° -> 17.42° (+4.9%)
  [tcn] fold 45/46 CI08: 14.31° -> 14.12° (+1.3%)
  [tcn] fold 46/46 CI09: 13.59° -> 11.83° (+12.9%)

[tcn] LOSO MAE 14.30° -> 13.30° (+7.0%) | device=cuda
Saved: /home/lee/projects/exe_est/experiments/paper/multiseed_out/tcn/aihub_offstd/seed42/persubject_tcn.csv
