  [diffusion] fold 1/44 CA01: 7.87° -> 3.83° (+51.3%)
  [diffusion] fold 2/44 CA02: 12.68° -> 5.06° (+60.1%)
  [diffusion] fold 3/44 CA03: 10.15° -> 5.59° (+45.0%)
  [diffusion] fold 4/44 CA04: 7.69° -> 3.80° (+50.6%)
  [diffusion] fold 5/44 CA05: 8.27° -> 4.48° (+45.8%)
  [diffusion] fold 6/44 CA06: 8.09° -> 4.28° (+47.1%)
  [diffusion] fold 7/44 CA07: 7.05° -> 3.67° (+48.0%)
  [diffusion] fold 8/44 CA08: 8.90° -> 3.16° (+64.5%)
  [diffusion] fold 9/44 CA09: 8.01° -> 3.01° (+62.4%)
  [diffusion] fold 10/44 CA10: 7.98° -> 3.36° (+57.9%)
  [diffusion] fold 11/44 CA11: 11.34° -> 5.95° (+47.6%)
  [diffusion] fold 12/44 CB01: 8.45° -> 3.75° (+55.6%)
  [diffusion] fold 13/44 CB02: 5.99° -> 3.15° (+47.4%)
  [diffusion] fold 14/44 CB03: 9.04° -> 3.83° (+57.7%)
  [diffusion] fold 15/44 CB05: 8.71° -> 4.18° (+52.0%)
  [diffusion] fold 16/44 CB06: 7.03° -> 3.76° (+46.5%)
  [diffusion] fold 17/44 CB07: 11.71° -> 4.96° (+57.6%)
  [diffusion] fold 18/44 CB08: 8.90° -> 3.20° (+64.0%)
  [diffusion] fold 19/44 CB09: 6.52° -> 4.92° (+24.6%)
  [diffusion] fold 20/44 CB10: 6.47° -> 3.08° (+52.5%)
  [diffusion] fold 21/44 CB11: 9.57° -> 4.03° (+57.9%)
  [diffusion] fold 22/44 CB12: 8.57° -> 4.23° (+50.6%)
  [diffusion] fold 23/44 CB13: 6.78° -> 2.98° (+56.0%)
  [diffusion] fold 24/44 CB14: 9.29° -> 2.93° (+68.5%)
  [diffusion] fold 25/44 CB15: 6.48° -> 5.84° (+9.8%)
  [diffusion] fold 26/44 CB16: 10.78° -> 3.73° (+65.4%)
  [diffusion] fold 27/44 CB17: 8.87° -> 4.10° (+53.8%)
  [diffusion] fold 28/44 CB18: 10.13° -> 4.19° (+58.6%)
  [diffusion] fold 29/44 CB19: 8.05° -> 3.21° (+60.1%)
  [diffusion] fold 30/44 CB20: 8.03° -> 3.62° (+55.0%)
  [diffusion] fold 31/44 CB22: 8.61° -> 3.66° (+57.5%)
  [diffusion] fold 32/44 CB23: 10.73° -> 3.31° (+69.2%)
  [diffusion] fold 33/44 CB24: 8.42° -> 3.54° (+57.9%)
  [diffusion] fold 34/44 CB25: 16.12° -> 11.83° (+26.6%)
  [diffusion] fold 35/44 CB26: 7.42° -> 4.19° (+43.5%)
  [diffusion] fold 36/44 CI01: 8.01° -> 3.51° (+56.2%)
  [diffusion] fold 37/44 CI02: 7.68° -> 3.69° (+52.0%)
  [diffusion] fold 38/44 CI03: 6.96° -> 3.30° (+52.5%)
  [diffusion] fold 39/44 CI04: 9.43° -> 3.50° (+62.9%)
  [diffusion] fold 40/44 CI05: 15.91° -> 5.98° (+62.4%)
  [diffusion] fold 41/44 CI06: 6.99° -> 4.01° (+42.6%)
  [diffusion] fold 42/44 CI07: 5.75° -> 3.51° (+39.0%)
  [diffusion] fold 43/44 CI08: 9.80° -> 3.89° (+60.3%)
  [diffusion] fold 44/44 CI09: 8.07° -> 4.49° (+44.4%)

[diffusion] subject-mean improvement: +52.29% | raw 8.80° -> corr 4.14°
Saved: /home/lee/projects/exe_est/experiments/paper/multiseed_out/diffusion/aihub_nlf/seed42/persubject_diffusion.csv
