WARNING: All log messages before absl::InitializeLog() is called are written to STDERR
I0000 00:00:1780133844.523855  144096 gl_context_egl.cc:85] Successfully initialized EGL. Major : 1 Minor: 5
I0000 00:00:1780133844.588816  144114 gl_context.cc:385] GL version: 3.2 (OpenGL ES 3.2 NVIDIA 595.71.05), renderer: NVIDIA GeForce RTX 4070 Ti SUPER/PCIe/SSE2
INFO: Created TensorFlow Lite XNNPACK delegate for CPU.
W0000 00:00:1780133844.631893  144103 inference_feedback_manager.cc:114] Feedback manager requires a model with a single signature inference. Disabling support for feedback tensors.
W0000 00:00:1780133844.650607  144112 inference_feedback_manager.cc:114] Feedback manager requires a model with a single signature inference. Disabling support for feedback tensors.
W0000 00:00:1780133844.724695  144098 landmark_projection_calculator.cc:78] Using NORM_RECT without IMAGE_DIMENSIONS is only supported for the square ROI. Provide IMAGE_DIMENSIONS or use PROJECTION_MATRIX.
  s03/50591643 (front): 1397 frames
Traceback (most recent call last):
  File "/home/lee/exe_est/scripts/paper_extract_fit3d.py", line 252, in <module>
    main()
  File "/home/lee/exe_est/scripts/paper_extract_fit3d.py", line 231, in main
    df = extract_video(pose_estimator, video_path, gt_joints, subject_id, view_type)
         ^^^^^^^^^^^^^^^^^^^^^^^^^^^^^^^^^^^^^^^^^^^^^^^^^^^^^^^^^^^^^^^^^^^^^^^^^^^
  File "/home/lee/exe_est/scripts/paper_extract_fit3d.py", line 147, in extract_video
    extracted = pose_estimator.extract_keypoints_only(
                ^^^^^^^^^^^^^^^^^^^^^^^^^^^^^^^^^^^^^^
  File "/home/lee/exe_est/src/squat/pose_estimation.py", line 146, in extract_keypoints_only
    result = self.landmarker.detect_for_video(mp_image, ts)
             ^^^^^^^^^^^^^^^^^^^^^^^^^^^^^^^^^^^^^^^^^^^^^^
  File "/home/lee/exe_est/.venv-paper/lib/python3.12/site-packages/mediapipe/tasks/python/vision/pose_landmarker.py", line 519, in detect_for_video
    self._lib.MpPoseLandmarkerDetectForVideo(
  File "/home/lee/exe_est/.venv-paper/lib/python3.12/site-packages/mediapipe/tasks/python/core/serial_dispatcher.py", line 74, in shutdown_aware_handler
    return handler(*args, **kwargs)
           ^^^^^^^^^^^^^^^^^^^^^^^^
  File "/home/lee/exe_est/.venv-paper/lib/python3.12/site-packages/mediapipe/tasks/python/core/mediapipe_c_utils.py", line 142, in dispatcher_wrapper
    executor.submit(dispatch_and_free).result()
  File "/usr/lib/python3.12/concurrent/futures/_base.py", line 456, in result
    return self.__get_result()
           ^^^^^^^^^^^^^^^^^^^
  File "/usr/lib/python3.12/concurrent/futures/_base.py", line 401, in __get_result
    raise self._exception
  File "/usr/lib/python3.12/concurrent/futures/thread.py", line 58, in run
    result = self.fn(*self.args, **self.kwargs)
             ^^^^^^^^^^^^^^^^^^^^^^^^^^^^^^^^^^
  File "/home/lee/exe_est/.venv-paper/lib/python3.12/site-packages/mediapipe/tasks/python/core/mediapipe_c_utils.py", line 137, in dispatch_and_free
    handle_status(status, error_msg)
  File "/home/lee/exe_est/.venv-paper/lib/python3.12/site-packages/mediapipe/tasks/python/core/mediapipe_c_utils.py", line 232, in handle_status
    raise exception
ValueError: Input timestamp must be monotonically increasing.
