[fold 1/84] CA01: raw 13.18° → corr 6.99° (+47.0%)
[fold 2/84] CA02: raw 14.32° → corr 8.07° (+43.7%)
[fold 3/84] CA03: raw 16.23° → corr 9.88° (+39.2%)
[fold 4/84] CA04: raw 12.08° → corr 6.29° (+48.0%)
[fold 5/84] CA05: raw 14.11° → corr 7.96° (+43.6%)
[fold 6/84] CA06: raw 13.92° → corr 8.85° (+36.5%)
[fold 7/84] CA07: raw 12.51° → corr 6.72° (+46.3%)
[fold 8/84] CA08: raw 12.74° → corr 6.58° (+48.4%)
[fold 9/84] CA09: raw 14.11° → corr 6.87° (+51.3%)
[fold 10/84] CA10: raw 15.14° → corr 8.21° (+45.8%)
[fold 11/84] CA11: raw 15.87° → corr 9.89° (+37.7%)
[fold 12/84] CB01: raw 11.69° → corr 6.28° (+46.3%)
[fold 13/84] CB02: raw 14.59° → corr 7.11° (+51.3%)
[fold 14/84] CB03: raw 15.78° → corr 8.36° (+47.0%)
[fold 15/84] CB04: raw 13.36° → corr 6.61° (+50.5%)
[fold 16/84] CB05: raw 14.56° → corr 8.31° (+42.9%)
[fold 17/84] CB06: raw 11.98° → corr 6.66° (+44.4%)
[fold 18/84] CB07: raw 16.14° → corr 8.56° (+46.9%)
[fold 19/84] CB08: raw 12.90° → corr 5.83° (+54.8%)
[fold 20/84] CB09: raw 11.39° → corr 5.69° (+50.0%)
[fold 21/84] CB10: raw 14.38° → corr 7.37° (+48.8%)
[fold 22/84] CB11: raw 13.77° → corr 6.82° (+50.5%)
[fold 23/84] CB12: raw 14.57° → corr 8.14° (+44.1%)
[fold 24/84] CB13: raw 14.29° → corr 7.37° (+48.4%)
[fold 25/84] CB14: raw 13.77° → corr 7.20° (+47.7%)
[fold 26/84] CB15: raw 15.77° → corr 9.39° (+40.4%)
[fold 27/84] CB16: raw 14.50° → corr 7.99° (+44.9%)
[fold 28/84] CB17: raw 13.67° → corr 8.09° (+40.8%)
[fold 29/84] CB18: raw 15.19° → corr 7.97° (+47.5%)
[fold 30/84] CB19: raw 13.63° → corr 6.94° (+49.1%)
[fold 31/84] CB20: raw 14.26° → corr 7.25° (+49.2%)
[fold 32/84] CB21: raw 22.24° → corr 10.27° (+53.8%)
[fold 33/84] CB22: raw 13.59° → corr 7.72° (+43.2%)
[fold 34/84] CB23: raw 13.65° → corr 6.61° (+51.6%)
[fold 35/84] CB24: raw 14.75° → corr 7.91° (+46.4%)
[fold 36/84] CB25: raw 15.26° → corr 8.97° (+41.2%)
[fold 37/84] CB26: raw 14.10° → corr 7.54° (+46.5%)
[fold 38/84] CI01: raw 13.86° → corr 7.07° (+49.0%)
[fold 39/84] CI02: raw 13.75° → corr 8.91° (+35.2%)
[fold 40/84] CI03: raw 12.87° → corr 6.71° (+47.8%)
[fold 41/84] CI04: raw 13.64° → corr 6.39° (+53.1%)
[fold 42/84] CI05: raw 16.06° → corr 8.03° (+50.0%)
[fold 43/84] CI06: raw 13.64° → corr 6.49° (+52.4%)
[fold 44/84] CI07: raw 18.32° → corr 8.74° (+52.3%)
[fold 45/84] CI08: raw 14.31° → corr 6.60° (+53.9%)
[fold 46/84] CI09: raw 13.62° → corr 7.75° (+43.1%)
[fold 47/84] PM_008: raw 9.87° → corr 6.99° (+29.2%)
[fold 48/84] PM_022: raw 12.74° → corr 8.90° (+30.1%)
[fold 49/84] PM_029: raw 15.31° → corr 10.41° (+32.0%)
[fold 50/84] PM_038: raw 9.24° → corr 6.34° (+31.4%)
[fold 51/84] PM_043: raw 10.32° → corr 6.13° (+40.6%)
[fold 52/84] PM_105: raw 11.77° → corr 8.22° (+30.1%)
[fold 53/84] PM_113: raw 13.80° → corr 10.42° (+24.5%)
[fold 54/84] PM_118: raw 12.88° → corr 7.44° (+42.2%)
[fold 55/84] PM_126: raw 14.69° → corr 10.44° (+28.9%)
[fold 56/84] SUME_S1: raw 14.72° → corr 10.41° (+29.3%)
[fold 57/84] SUME_S11: raw 14.44° → corr 11.51° (+20.3%)
[fold 58/84] SUME_S12: raw 10.59° → corr 5.22° (+50.7%)
[fold 59/84] SUME_S13: raw 11.80° → corr 5.09° (+56.9%)
[fold 60/84] SUME_S14: raw 9.61° → corr 5.30° (+44.8%)
[fold 61/84] SUME_S15: raw 13.49° → corr 6.27° (+53.5%)
[fold 62/84] SUME_S16: raw 15.68° → corr 9.15° (+41.7%)
[fold 63/84] SUME_S17: raw 13.41° → corr 6.50° (+51.6%)
[fold 64/84] SUME_S18: raw 13.23° → corr 8.38° (+36.6%)
[fold 65/84] SUME_S19: raw 14.30° → corr 8.34° (+41.7%)
[fold 66/84] SUME_S2: raw 12.97° → corr 6.65° (+48.8%)
[fold 67/84] SUME_S20: raw 11.65° → corr 6.34° (+45.6%)
