  [tcn] fold 1/44 CA01: 27.62° -> 12.91° (+53.3%)
  [tcn] fold 2/44 CA02: 28.97° -> 11.88° (+59.0%)
  [tcn] fold 3/44 CA03: 29.92° -> 15.72° (+47.5%)
  [tcn] fold 4/44 CA04: 27.82° -> 13.79° (+50.4%)
  [tcn] fold 5/44 CA05: 28.37° -> 14.51° (+48.8%)
  [tcn] fold 6/44 CA06: 26.93° -> 13.98° (+48.1%)
  [tcn] fold 7/44 CA07: 24.83° -> 12.69° (+48.9%)
  [tcn] fold 8/44 CA08: 29.63° -> 10.06° (+66.0%)
  [tcn] fold 9/44 CA09: 27.68° -> 10.61° (+61.7%)
  [tcn] fold 10/44 CA10: 28.65° -> 14.00° (+51.1%)
  [tcn] fold 11/44 CA11: 32.03° -> 26.82° (+16.3%)
  [tcn] fold 12/44 CB01: 28.66° -> 9.82° (+65.7%)
  [tcn] fold 13/44 CB02: 27.76° -> 13.55° (+51.2%)
  [tcn] fold 14/44 CB03: 29.04° -> 12.99° (+55.3%)
  [tcn] fold 15/44 CB05: 24.21° -> 10.06° (+58.5%)
  [tcn] fold 16/44 CB06: 28.60° -> 11.19° (+60.9%)
  [tcn] fold 17/44 CB07: 30.74° -> 12.21° (+60.3%)
  [tcn] fold 18/44 CB08: 27.79° -> 13.01° (+53.2%)
  [tcn] fold 19/44 CB09: 26.57° -> 9.73° (+63.4%)
  [tcn] fold 20/44 CB10: 27.53° -> 13.41° (+51.3%)
  [tcn] fold 21/44 CB11: 29.45° -> 11.49° (+61.0%)
  [tcn] fold 22/44 CB12: 26.96° -> 11.87° (+56.0%)
  [tcn] fold 23/44 CB13: 27.53° -> 13.59° (+50.6%)
  [tcn] fold 24/44 CB14: 26.24° -> 12.77° (+51.3%)
  [tcn] fold 25/44 CB15: 28.51° -> 12.49° (+56.2%)
  [tcn] fold 26/44 CB16: 29.10° -> 15.49° (+46.8%)
  [tcn] fold 27/44 CB17: 29.44° -> 11.79° (+59.9%)
  [tcn] fold 28/44 CB18: 28.56° -> 12.41° (+56.5%)
  [tcn] fold 29/44 CB19: 28.96° -> 11.86° (+59.0%)
  [tcn] fold 30/44 CB20: 27.47° -> 10.17° (+63.0%)
  [tcn] fold 31/44 CB22: 26.79° -> 12.47° (+53.5%)
  [tcn] fold 32/44 CB23: 29.32° -> 11.97° (+59.2%)
  [tcn] fold 33/44 CB24: 29.62° -> 13.27° (+55.2%)
  [tcn] fold 34/44 CB25: 34.47° -> 18.54° (+46.2%)
  [tcn] fold 35/44 CB26: 29.69° -> 11.40° (+61.6%)
  [tcn] fold 36/44 CI01: 25.66° -> 12.23° (+52.3%)
  [tcn] fold 37/44 CI02: 29.99° -> 11.31° (+62.3%)
  [tcn] fold 38/44 CI03: 26.13° -> 9.41° (+64.0%)
  [tcn] fold 39/44 CI04: 28.70° -> 12.27° (+57.2%)
  [tcn] fold 40/44 CI05: 32.73° -> 16.63° (+49.2%)
  [tcn] fold 41/44 CI06: 26.28° -> 18.37° (+30.1%)
  [tcn] fold 42/44 CI07: 27.91° -> 12.55° (+55.0%)
  [tcn] fold 43/44 CI08: 25.34° -> 11.18° (+55.9%)
  [tcn] fold 44/44 CI09: 29.43° -> 12.75° (+56.7%)

[tcn] LOSO MAE 28.35° -> 12.98° (+54.2%) | device=cuda
Saved: /home/lee/projects/exe_est/experiments/paper/multiseed_out/tcn/aihub_motionbert/seed42/persubject_tcn.csv
