  [smoothnet] fold 1/46 CA01: 13.15° -> 12.80° (+2.7%)
  [smoothnet] fold 2/46 CA02: 14.32° -> 12.99° (+9.3%)
  [smoothnet] fold 3/46 CA03: 16.22° -> 15.61° (+3.7%)
  [smoothnet] fold 4/46 CA04: 12.06° -> 12.55° (-4.1%)
  [smoothnet] fold 5/46 CA05: 14.09° -> 13.46° (+4.4%)
  [smoothnet] fold 6/46 CA06: 13.89° -> 13.86° (+0.2%)
  [smoothnet] fold 7/46 CA07: 12.51° -> 11.72° (+6.3%)
  [smoothnet] fold 8/46 CA08: 12.72° -> 12.79° (-0.6%)
  [smoothnet] fold 9/46 CA09: 14.10° -> 13.73° (+2.6%)
  [smoothnet] fold 10/46 CA10: 15.15° -> 14.92° (+1.5%)
  [smoothnet] fold 11/46 CA11: 15.86° -> 16.16° (-1.9%)
  [smoothnet] fold 12/46 CB01: 11.69° -> 11.59° (+0.8%)
  [smoothnet] fold 13/46 CB02: 14.63° -> 14.73° (-0.6%)
  [smoothnet] fold 14/46 CB03: 15.80° -> 14.88° (+5.8%)
  [smoothnet] fold 15/46 CB04: 13.33° -> 12.30° (+7.8%)
  [smoothnet] fold 16/46 CB05: 14.62° -> 14.55° (+0.5%)
  [smoothnet] fold 17/46 CB06: 11.96° -> 11.63° (+2.8%)
  [smoothnet] fold 18/46 CB07: 16.13° -> 15.90° (+1.4%)
  [smoothnet] fold 19/46 CB08: 12.88° -> 12.99° (-0.8%)
  [smoothnet] fold 20/46 CB09: 11.37° -> 11.86° (-4.3%)
  [smoothnet] fold 21/46 CB10: 14.35° -> 13.84° (+3.5%)
  [smoothnet] fold 22/46 CB11: 13.74° -> 13.93° (-1.4%)
  [smoothnet] fold 23/46 CB12: 14.56° -> 14.62° (-0.4%)
  [smoothnet] fold 24/46 CB13: 14.31° -> 14.22° (+0.6%)
  [smoothnet] fold 25/46 CB14: 13.74° -> 13.55° (+1.4%)
  [smoothnet] fold 26/46 CB15: 15.76° -> 15.65° (+0.7%)
  [smoothnet] fold 27/46 CB16: 14.49° -> 14.58° (-0.6%)
  [smoothnet] fold 28/46 CB17: 13.67° -> 13.43° (+1.7%)
  [smoothnet] fold 29/46 CB18: 15.16° -> 14.85° (+2.1%)
  [smoothnet] fold 30/46 CB19: 13.68° -> 12.15° (+11.2%)
  [smoothnet] fold 31/46 CB20: 14.33° -> 14.38° (-0.3%)
  [smoothnet] fold 32/46 CB21: 22.29° -> 22.21° (+0.4%)
  [smoothnet] fold 33/46 CB22: 13.56° -> 13.23° (+2.4%)
  [smoothnet] fold 34/46 CB23: 13.64° -> 13.33° (+2.3%)
  [smoothnet] fold 35/46 CB24: 14.74° -> 14.56° (+1.2%)
  [smoothnet] fold 36/46 CB25: 15.24° -> 14.98° (+1.7%)
  [smoothnet] fold 37/46 CB26: 14.09° -> 13.84° (+1.7%)
  [smoothnet] fold 38/46 CI01: 13.85° -> 13.49° (+2.6%)
  [smoothnet] fold 39/46 CI02: 13.73° -> 14.21° (-3.5%)
  [smoothnet] fold 40/46 CI03: 12.85° -> 12.77° (+0.7%)
  [smoothnet] fold 41/46 CI04: 13.62° -> 13.49° (+0.9%)
  [smoothnet] fold 42/46 CI05: 16.03° -> 15.92° (+0.7%)
  [smoothnet] fold 43/46 CI06: 13.62° -> 14.03° (-3.0%)
  [smoothnet] fold 44/46 CI07: 18.31° -> 18.56° (-1.3%)
  [smoothnet] fold 45/46 CI08: 14.31° -> 14.43° (-0.8%)
  [smoothnet] fold 46/46 CI09: 13.59° -> 13.28° (+2.3%)

[smoothnet] LOSO MAE 14.30° -> 14.10° (+1.4%) | device=cuda
Saved: /home/lee/projects/exe_est/experiments/paper/multiseed_out/smoothnet/aihub_offstd/seed42/persubject_smoothnet.csv
